// Jest Snapshot v1, https://goo.gl/fbAQLP

exports[`Pokemon Page Component hacer match con el snapshot cuando cargan datos 1`] = `
<div>
  <h1>Cu√°l es este pokemon?</h1>
  <pokemon-picture-stub pokemonid="5" showpokemon="false"></pokemon-picture-stub>
  <pokemon-options-stub pokemons="[object Object],[object Object],[object Object],[object Object]"></pokemon-options-stub>
  <!--v-if-->
</div>
`;

exports[`Pokemon Page Component match snapshot 1`] = `<h1> Espere por favor... </h1>`;
